<?xml version="1.0"?>
<global>
   <file name="src/c23001a.adb">
      <metric name="all_lines">64</metric>
      <metric name="code_lines">27</metric>
      <metric name="comment_lines">27</metric>
      <metric name="eol_comments">0</metric>
      <metric name="comment_percentage">50.00</metric>
      <metric name="blank_lines">10</metric>
      <metric name="spark_lines">0</metric>
      <unit name="C23001A" kind="procedure body" line="32" col="1">
         <metric name="all_lines">33</metric>
         <metric name="code_lines">26</metric>
         <metric name="comment_lines">0</metric>
         <metric name="eol_comments">0</metric>
         <metric name="comment_percentage">0.00</metric>
         <metric name="blank_lines">7</metric>
         <metric name="public_subprograms">unknown</metric>
         <metric name="all_subprograms">1</metric>
         <metric name="all_stmts">11</metric>
         <metric name="all_dcls">3</metric>
         <metric name="lsloc">14</metric>
         <metric name="construct_nesting">3</metric>
         <metric name="all_parameters">0</metric>
         <metric name="statement_complexity">5</metric>
         <metric name="expression_complexity">0</metric>
         <metric name="cyclomatic_complexity">5</metric>
         <metric name="essential_complexity">1</metric>
         <metric name="max_loop_nesting">0</metric>
         <metric name="extra_exit_points">0</metric>
      </unit>
      <metric name="statement_complexity">5.00</metric>
      <metric name="expression_complexity">0.00</metric>
      <metric name="cyclomatic_complexity">5.00</metric>
      <metric name="essential_complexity">1.00</metric>
      <metric name="max_loop_nesting">0.00</metric>
   </file>
   <file name="src/c230063proc.adb">
      <metric name="all_lines">5</metric>
      <metric name="code_lines">4</metric>
      <metric name="comment_lines">0</metric>
      <metric name="eol_comments">0</metric>
      <metric name="comment_percentage">0.00</metric>
      <metric name="blank_lines">1</metric>
      <metric name="spark_lines">0</metric>
      <unit name="C230063PROC" kind="procedure body" line="2" col="1">
         <metric name="all_lines">4</metric>
         <metric name="code_lines">4</metric>
         <metric name="comment_lines">0</metric>
         <metric name="eol_comments">0</metric>
         <metric name="comment_percentage">0.00</metric>
         <metric name="blank_lines">0</metric>
         <metric name="public_subprograms">unknown</metric>
         <metric name="all_subprograms">1</metric>
         <metric name="all_stmts">1</metric>
         <metric name="all_dcls">2</metric>
         <metric name="lsloc">3</metric>
         <metric name="construct_nesting">1</metric>
         <metric name="all_parameters">1</metric>
            <metric name="in_parameters">0</metric>
            <metric name="out_parameters">1</metric>
            <metric name="in_out_parameters">0</metric>
         <metric name="statement_complexity">1</metric>
         <metric name="expression_complexity">0</metric>
         <metric name="cyclomatic_complexity">1</metric>
         <metric name="essential_complexity">1</metric>
         <metric name="max_loop_nesting">0</metric>
         <metric name="extra_exit_points">0</metric>
      </unit>
      <metric name="statement_complexity">1.00</metric>
      <metric name="expression_complexity">0.00</metric>
      <metric name="cyclomatic_complexity">1.00</metric>
      <metric name="essential_complexity">1.00</metric>
      <metric name="max_loop_nesting">0.00</metric>
   </file>
   <file name="src/c230063proc.ads">
      <metric name="all_lines">3</metric>
      <metric name="code_lines">2</metric>
      <metric name="comment_lines">0</metric>
      <metric name="eol_comments">0</metric>
      <metric name="comment_percentage">0.00</metric>
      <metric name="blank_lines">1</metric>
      <metric name="spark_lines">0</metric>
      <unit name="C230063PROC" kind="generic procedure" line="2" col="1">
         <metric name="all_lines">2</metric>
         <metric name="code_lines">2</metric>
         <metric name="comment_lines">0</metric>
         <metric name="eol_comments">0</metric>
         <metric name="comment_percentage">0.00</metric>
         <metric name="blank_lines">0</metric>
         <metric name="public_subprograms">1</metric>
         <metric name="all_stmts">0</metric>
         <metric name="all_dcls">2</metric>
         <metric name="lsloc">2</metric>
         <metric name="construct_nesting">1</metric>
      </unit>
   </file>
   <file name="src/c23006a.adb">
      <metric name="all_lines">48</metric>
      <metric name="code_lines">15</metric>
      <metric name="comment_lines">26</metric>
      <metric name="eol_comments">0</metric>
      <metric name="comment_percentage">63.41</metric>
      <metric name="blank_lines">7</metric>
      <metric name="spark_lines">0</metric>
      <unit name="C23006A" kind="procedure body" line="31" col="1">
         <metric name="all_lines">18</metric>
         <metric name="code_lines">14</metric>
         <metric name="comment_lines">0</metric>
         <metric name="eol_comments">0</metric>
         <metric name="comment_percentage">0.00</metric>
         <metric name="blank_lines">4</metric>
         <metric name="public_subprograms">unknown</metric>
         <metric name="all_subprograms">1</metric>
         <metric name="all_stmts">5</metric>
         <metric name="all_dcls">3</metric>
         <metric name="lsloc">8</metric>
         <metric name="construct_nesting">3</metric>
         <metric name="all_parameters">0</metric>
         <metric name="statement_complexity">2</metric>
         <metric name="expression_complexity">0</metric>
         <metric name="cyclomatic_complexity">2</metric>
         <metric name="essential_complexity">1</metric>
         <metric name="max_loop_nesting">0</metric>
         <metric name="extra_exit_points">0</metric>
      </unit>
      <metric name="statement_complexity">2.00</metric>
      <metric name="expression_complexity">0.00</metric>
      <metric name="cyclomatic_complexity">2.00</metric>
      <metric name="essential_complexity">1.00</metric>
      <metric name="max_loop_nesting">0.00</metric>
   </file>
   <file name="src/c23006b.adb">
      <metric name="all_lines">15</metric>
      <metric name="code_lines">12</metric>
      <metric name="comment_lines">0</metric>
      <metric name="eol_comments">0</metric>
      <metric name="comment_percentage">0.00</metric>
      <metric name="blank_lines">3</metric>
      <metric name="spark_lines">0</metric>
      <unit name="C23006B" kind="procedure body" line="5" col="1">
         <metric name="all_lines">11</metric>
         <metric name="code_lines">9</metric>
         <metric name="comment_lines">0</metric>
         <metric name="eol_comments">0</metric>
         <metric name="comment_percentage">0.00</metric>
         <metric name="blank_lines">2</metric>
         <metric name="public_subprograms">unknown</metric>
         <metric name="all_subprograms">1</metric>
         <metric name="all_stmts">4</metric>
         <metric name="all_dcls">1</metric>
         <metric name="lsloc">5</metric>
         <metric name="construct_nesting">2</metric>
         <metric name="all_parameters">0</metric>
         <metric name="statement_complexity">2</metric>
         <metric name="expression_complexity">0</metric>
         <metric name="cyclomatic_complexity">2</metric>
         <metric name="essential_complexity">1</metric>
         <metric name="max_loop_nesting">0</metric>
         <metric name="extra_exit_points">0</metric>
      </unit>
      <metric name="statement_complexity">2.00</metric>
      <metric name="expression_complexity">0.00</metric>
      <metric name="cyclomatic_complexity">2.00</metric>
      <metric name="essential_complexity">1.00</metric>
      <metric name="max_loop_nesting">0.00</metric>
   </file>
   <file name="src/c23006bpkg.adb">
      <metric name="all_lines">11</metric>
      <metric name="code_lines">10</metric>
      <metric name="comment_lines">0</metric>
      <metric name="eol_comments">0</metric>
      <metric name="comment_percentage">0.00</metric>
      <metric name="blank_lines">1</metric>
      <metric name="spark_lines">0</metric>
      <unit name="C23006BPKG" kind="package body" line="4" col="1">
         <metric name="all_lines">8</metric>
         <metric name="code_lines">8</metric>
         <metric name="comment_lines">0</metric>
         <metric name="eol_comments">0</metric>
         <metric name="comment_percentage">0.00</metric>
         <metric name="blank_lines">0</metric>
         <metric name="all_subprograms">1</metric>
         <metric name="all_stmts">2</metric>
         <metric name="all_dcls">2</metric>
         <metric name="lsloc">4</metric>
         <metric name="unit_nesting">1</metric>
         <metric name="construct_nesting">2</metric>
         <metric name="statement_complexity">1</metric>
         <metric name="expression_complexity">0</metric>
         <metric name="cyclomatic_complexity">1</metric>
         <metric name="essential_complexity">1</metric>
         <metric name="max_loop_nesting">0</metric>
         <metric name="extra_exit_points">0</metric>
         <unit name="REQUIRE_BODY" kind="procedure body" line="5" col="6">
            <metric name="all_lines">4</metric>
            <metric name="code_lines">4</metric>
            <metric name="comment_lines">0</metric>
            <metric name="eol_comments">0</metric>
            <metric name="comment_percentage">0.00</metric>
            <metric name="blank_lines">0</metric>
            <metric name="all_stmts">1</metric>
            <metric name="all_dcls">1</metric>
            <metric name="lsloc">2</metric>
            <metric name="construct_nesting">1</metric>
            <metric name="all_parameters">0</metric>
            <metric name="statement_complexity">1</metric>
            <metric name="expression_complexity">0</metric>
            <metric name="cyclomatic_complexity">1</metric>
            <metric name="essential_complexity">1</metric>
            <metric name="max_loop_nesting">0</metric>
            <metric name="extra_exit_points">0</metric>
         </unit>
      </unit>
      <metric name="statement_complexity">1.00</metric>
      <metric name="expression_complexity">0.00</metric>
      <metric name="cyclomatic_complexity">1.00</metric>
      <metric name="essential_complexity">1.00</metric>
      <metric name="max_loop_nesting">0.00</metric>
   </file>
   <file name="src/c23006bpkg.ads">
      <metric name="all_lines">5</metric>
      <metric name="code_lines">4</metric>
      <metric name="comment_lines">0</metric>
      <metric name="eol_comments">0</metric>
      <metric name="comment_percentage">0.00</metric>
      <metric name="blank_lines">1</metric>
      <metric name="spark_lines">0</metric>
      <unit name="C23006BPKG" kind="package" line="2" col="1">
         <metric name="contract">0</metric>
         <metric name="post">0</metric>
         <metric name="contract_complete">nyi</metric>
         <metric name="all_lines">4</metric>
         <metric name="code_lines">4</metric>
         <metric name="comment_lines">0</metric>
         <metric name="eol_comments">0</metric>
         <metric name="comment_percentage">0.00</metric>
         <metric name="blank_lines">0</metric>
         <metric name="public_subprograms">1</metric>
         <metric name="all_stmts">0</metric>
         <metric name="all_dcls">3</metric>
         <metric name="lsloc">3</metric>
         <metric name="unit_nesting">1</metric>
         <metric name="construct_nesting">1</metric>
         <unit name="REQUIRE_BODY" kind="procedure" line="4" col="6">
            <metric name="contract_complexity">1</metric>
            <metric name="all_parameters">0</metric>
         </unit>
      </unit>
   </file>
   <file name="src/c23006c.adb">
      <metric name="all_lines">21</metric>
      <metric name="code_lines">17</metric>
      <metric name="comment_lines">0</metric>
      <metric name="eol_comments">0</metric>
      <metric name="comment_percentage">0.00</metric>
      <metric name="blank_lines">4</metric>
      <metric name="spark_lines">0</metric>
      <unit name="C23006C" kind="procedure body" line="4" col="1">
         <metric name="all_lines">18</metric>
         <metric name="code_lines">15</metric>
         <metric name="comment_lines">0</metric>
         <metric name="eol_comments">0</metric>
         <metric name="comment_percentage">0.00</metric>
         <metric name="blank_lines">3</metric>
         <metric name="public_subprograms">unknown</metric>
         <metric name="all_subprograms">1</metric>
         <metric name="all_stmts">8</metric>
         <metric name="all_dcls">2</metric>
         <metric name="lsloc">10</metric>
         <metric name="construct_nesting">2</metric>
         <metric name="all_parameters">0</metric>
         <metric name="statement_complexity">3</metric>
         <metric name="expression_complexity">0</metric>
         <metric name="cyclomatic_complexity">3</metric>
         <metric name="essential_complexity">1</metric>
         <metric name="max_loop_nesting">0</metric>
         <metric name="extra_exit_points">0</metric>
      </unit>
      <metric name="statement_complexity">3.00</metric>
      <metric name="expression_complexity">0.00</metric>
      <metric name="cyclomatic_complexity">3.00</metric>
      <metric name="essential_complexity">1.00</metric>
      <metric name="max_loop_nesting">0.00</metric>
   </file>
   <file name="src/c23006c_func.adb">
      <metric name="all_lines">5</metric>
      <metric name="code_lines">4</metric>
      <metric name="comment_lines">0</metric>
      <metric name="eol_comments">0</metric>
      <metric name="comment_percentage">0.00</metric>
      <metric name="blank_lines">1</metric>
      <metric name="spark_lines">0</metric>
      <unit name="C23006C_FUNC" kind="function body" line="2" col="1">
         <metric name="all_lines">4</metric>
         <metric name="code_lines">4</metric>
         <metric name="comment_lines">0</metric>
         <metric name="eol_comments">0</metric>
         <metric name="comment_percentage">0.00</metric>
         <metric name="blank_lines">0</metric>
         <metric name="public_subprograms">unknown</metric>
         <metric name="all_subprograms">1</metric>
         <metric name="all_stmts">1</metric>
         <metric name="all_dcls">1</metric>
         <metric name="lsloc">2</metric>
         <metric name="construct_nesting">1</metric>
         <metric name="all_parameters">0</metric>
         <metric name="statement_complexity">1</metric>
         <metric name="expression_complexity">0</metric>
         <metric name="cyclomatic_complexity">1</metric>
         <metric name="essential_complexity">1</metric>
         <metric name="max_loop_nesting">0</metric>
         <metric name="extra_exit_points">0</metric>
      </unit>
      <metric name="statement_complexity">1.00</metric>
      <metric name="expression_complexity">0.00</metric>
      <metric name="cyclomatic_complexity">1.00</metric>
      <metric name="essential_complexity">1.00</metric>
      <metric name="max_loop_nesting">0.00</metric>
   </file>
   <file name="src/c23006c_proc.adb">
      <metric name="all_lines">33</metric>
      <metric name="code_lines">4</metric>
      <metric name="comment_lines">26</metric>
      <metric name="eol_comments">0</metric>
      <metric name="comment_percentage">86.66</metric>
      <metric name="blank_lines">3</metric>
      <metric name="spark_lines">0</metric>
      <unit name="C23006C_PROC" kind="procedure body" line="30" col="1">
         <metric name="all_lines">4</metric>
         <metric name="code_lines">4</metric>
         <metric name="comment_lines">0</metric>
         <metric name="eol_comments">0</metric>
         <metric name="comment_percentage">0.00</metric>
         <metric name="blank_lines">0</metric>
         <metric name="public_subprograms">unknown</metric>
         <metric name="all_subprograms">1</metric>
         <metric name="all_stmts">1</metric>
         <metric name="all_dcls">2</metric>
         <metric name="lsloc">3</metric>
         <metric name="construct_nesting">1</metric>
         <metric name="all_parameters">1</metric>
            <metric name="in_parameters">0</metric>
            <metric name="out_parameters">1</metric>
            <metric name="in_out_parameters">0</metric>
         <metric name="statement_complexity">1</metric>
         <metric name="expression_complexity">0</metric>
         <metric name="cyclomatic_complexity">1</metric>
         <metric name="essential_complexity">1</metric>
         <metric name="max_loop_nesting">0</metric>
         <metric name="extra_exit_points">0</metric>
      </unit>
      <metric name="statement_complexity">1.00</metric>
      <metric name="expression_complexity">0.00</metric>
      <metric name="cyclomatic_complexity">1.00</metric>
      <metric name="essential_complexity">1.00</metric>
      <metric name="max_loop_nesting">0.00</metric>
   </file>
   <file name="src/c23006cfunc.adb">
      <metric name="all_lines">7</metric>
      <metric name="code_lines">6</metric>
      <metric name="comment_lines">0</metric>
      <metric name="eol_comments">0</metric>
      <metric name="comment_percentage">0.00</metric>
      <metric name="blank_lines">1</metric>
      <metric name="spark_lines">0</metric>
      <unit name="C23006CFUNC" kind="function body" line="4" col="1">
         <metric name="all_lines">4</metric>
         <metric name="code_lines">4</metric>
         <metric name="comment_lines">0</metric>
         <metric name="eol_comments">0</metric>
         <metric name="comment_percentage">0.00</metric>
         <metric name="blank_lines">0</metric>
         <metric name="public_subprograms">unknown</metric>
         <metric name="all_subprograms">1</metric>
         <metric name="all_stmts">1</metric>
         <metric name="all_dcls">1</metric>
         <metric name="lsloc">2</metric>
         <metric name="construct_nesting">1</metric>
         <metric name="all_parameters">0</metric>
         <metric name="statement_complexity">1</metric>
         <metric name="expression_complexity">0</metric>
         <metric name="cyclomatic_complexity">1</metric>
         <metric name="essential_complexity">1</metric>
         <metric name="max_loop_nesting">0</metric>
         <metric name="extra_exit_points">0</metric>
      </unit>
      <metric name="statement_complexity">1.00</metric>
      <metric name="expression_complexity">0.00</metric>
      <metric name="cyclomatic_complexity">1.00</metric>
      <metric name="essential_complexity">1.00</metric>
      <metric name="max_loop_nesting">0.00</metric>
   </file>
   <file name="src/c23006cfunc.ads">
      <metric name="all_lines">2</metric>
      <metric name="code_lines">1</metric>
      <metric name="comment_lines">0</metric>
      <metric name="eol_comments">0</metric>
      <metric name="comment_percentage">0.00</metric>
      <metric name="blank_lines">1</metric>
      <metric name="spark_lines">0</metric>
      <unit name="C23006CFUNC" kind="function" line="2" col="1">
         <metric name="all_lines">1</metric>
         <metric name="code_lines">1</metric>
         <metric name="comment_lines">0</metric>
         <metric name="eol_comments">0</metric>
         <metric name="comment_percentage">0.00</metric>
         <metric name="blank_lines">0</metric>
         <metric name="public_subprograms">1</metric>
         <metric name="all_stmts">0</metric>
         <metric name="all_dcls">1</metric>
         <metric name="lsloc">1</metric>
         <metric name="construct_nesting">1</metric>
         <metric name="all_parameters">0</metric>
      </unit>
   </file>
   <file name="src/c23006cproc.adb">
      <metric name="all_lines">5</metric>
      <metric name="code_lines">4</metric>
      <metric name="comment_lines">0</metric>
      <metric name="eol_comments">0</metric>
      <metric name="comment_percentage">0.00</metric>
      <metric name="blank_lines">1</metric>
      <metric name="spark_lines">0</metric>
      <unit name="C23006CPROC" kind="procedure body" line="2" col="1">
         <metric name="all_lines">4</metric>
         <metric name="code_lines">4</metric>
         <metric name="comment_lines">0</metric>
         <metric name="eol_comments">0</metric>
         <metric name="comment_percentage">0.00</metric>
         <metric name="blank_lines">0</metric>
         <metric name="public_subprograms">unknown</metric>
         <metric name="all_subprograms">1</metric>
         <metric name="all_stmts">1</metric>
         <metric name="all_dcls">2</metric>
         <metric name="lsloc">3</metric>
         <metric name="construct_nesting">1</metric>
         <metric name="all_parameters">1</metric>
            <metric name="in_parameters">0</metric>
            <metric name="out_parameters">1</metric>
            <metric name="in_out_parameters">0</metric>
         <metric name="statement_complexity">1</metric>
         <metric name="expression_complexity">0</metric>
         <metric name="cyclomatic_complexity">1</metric>
         <metric name="essential_complexity">1</metric>
         <metric name="max_loop_nesting">0</metric>
         <metric name="extra_exit_points">0</metric>
      </unit>
      <metric name="statement_complexity">1.00</metric>
      <metric name="expression_complexity">0.00</metric>
      <metric name="cyclomatic_complexity">1.00</metric>
      <metric name="essential_complexity">1.00</metric>
      <metric name="max_loop_nesting">0.00</metric>
   </file>
   <file name="src/c23006cproc.ads">
      <metric name="all_lines">2</metric>
      <metric name="code_lines">1</metric>
      <metric name="comment_lines">0</metric>
      <metric name="eol_comments">0</metric>
      <metric name="comment_percentage">0.00</metric>
      <metric name="blank_lines">1</metric>
      <metric name="spark_lines">0</metric>
      <unit name="C23006CPROC" kind="procedure" line="2" col="1">
         <metric name="all_lines">1</metric>
         <metric name="code_lines">1</metric>
         <metric name="comment_lines">0</metric>
         <metric name="eol_comments">0</metric>
         <metric name="comment_percentage">0.00</metric>
         <metric name="blank_lines">0</metric>
         <metric name="public_subprograms">1</metric>
         <metric name="all_stmts">0</metric>
         <metric name="all_dcls">2</metric>
         <metric name="lsloc">2</metric>
         <metric name="construct_nesting">1</metric>
         <metric name="all_parameters">1</metric>
            <metric name="in_parameters">0</metric>
            <metric name="out_parameters">1</metric>
            <metric name="in_out_parameters">0</metric>
      </unit>
   </file>
   <file name="src/c23006d.adb">
      <metric name="all_lines">19</metric>
      <metric name="code_lines">14</metric>
      <metric name="comment_lines">0</metric>
      <metric name="eol_comments">0</metric>
      <metric name="comment_percentage">0.00</metric>
      <metric name="blank_lines">5</metric>
      <metric name="spark_lines">0</metric>
      <unit name="C23006D" kind="procedure body" line="5" col="1">
         <metric name="all_lines">15</metric>
         <metric name="code_lines">11</metric>
         <metric name="comment_lines">0</metric>
         <metric name="eol_comments">0</metric>
         <metric name="comment_percentage">0.00</metric>
         <metric name="blank_lines">4</metric>
         <metric name="public_subprograms">unknown</metric>
         <metric name="all_subprograms">1</metric>
         <metric name="all_stmts">4</metric>
         <metric name="all_dcls">2</metric>
         <metric name="lsloc">6</metric>
         <metric name="construct_nesting">2</metric>
         <metric name="all_parameters">0</metric>
         <metric name="statement_complexity">2</metric>
         <metric name="expression_complexity">0</metric>
         <metric name="cyclomatic_complexity">2</metric>
         <metric name="essential_complexity">1</metric>
         <metric name="max_loop_nesting">0</metric>
         <metric name="extra_exit_points">0</metric>
      </unit>
      <metric name="statement_complexity">2.00</metric>
      <metric name="expression_complexity">0.00</metric>
      <metric name="cyclomatic_complexity">2.00</metric>
      <metric name="essential_complexity">1.00</metric>
      <metric name="max_loop_nesting">0.00</metric>
   </file>
   <file name="src/c23006b_pkg.ads">
      <metric name="all_lines">32</metric>
      <metric name="code_lines">3</metric>
      <metric name="comment_lines">26</metric>
      <metric name="eol_comments">0</metric>
      <metric name="comment_percentage">89.65</metric>
      <metric name="blank_lines">3</metric>
      <metric name="spark_lines">0</metric>
      <unit name="C23006B_PKG" kind="package" line="30" col="1">
         <metric name="contract">0</metric>
         <metric name="post">0</metric>
         <metric name="contract_complete">nyi</metric>
         <metric name="all_lines">3</metric>
         <metric name="code_lines">3</metric>
         <metric name="comment_lines">0</metric>
         <metric name="eol_comments">0</metric>
         <metric name="comment_percentage">0.00</metric>
         <metric name="blank_lines">0</metric>
         <metric name="public_subprograms">0</metric>
         <metric name="all_stmts">0</metric>
         <metric name="all_dcls">2</metric>
         <metric name="lsloc">2</metric>
         <metric name="construct_nesting">1</metric>
      </unit>
   </file>
   <metric name="all_lines">277</metric>
   <metric name="code_lines">128</metric>
   <metric name="comment_lines">105</metric>
   <metric name="eol_comments">0</metric>
   <metric name="comment_percentage">45.06</metric>
   <metric name="blank_lines">44</metric>
   <metric name="average_lines_in_bodies">8.33</metric>
   <metric name="spark_lines">0</metric>
   <metric name="lines_in_bodies">100</metric>
   <metric name="num_bodies">12</metric>
   <metric name="public_subprograms">unknown</metric>
   <metric name="all_subprograms">11</metric>
   <metric name="all_stmts">39</metric>
   <metric name="all_dcls">31</metric>
   <metric name="lsloc">70</metric>
   <metric name="average_complexity">1.75</metric>
   <coupling>
      <file name="src/c23001a.adb">
         <unit name="C23001A" line="32" col="1">
            <metric name="control_fan-out_coupling">0</metric>
            <metric name="control_fan-in_coupling">0</metric>
            <metric name="unit_fan-out_coupling">0</metric>
            <metric name="unit_fan-in_coupling">0</metric>
         </unit>
      </file>
      <file name="src/c230063proc.ads">
         <unit name="C230063PROC" line="2" col="1">
            <metric name="unit_fan-out_coupling">0</metric>
            <metric name="unit_fan-in_coupling">0</metric>
         </unit>
      </file>
      <file name="src/c23006a.adb">
         <unit name="C23006A" line="31" col="1">
            <metric name="control_fan-out_coupling">0</metric>
            <metric name="control_fan-in_coupling">0</metric>
            <metric name="unit_fan-out_coupling">0</metric>
            <metric name="unit_fan-in_coupling">0</metric>
         </unit>
      </file>
      <file name="src/c23006b.adb">
         <unit name="C23006B" line="5" col="1">
            <metric name="control_fan-out_coupling">0</metric>
            <metric name="control_fan-in_coupling">0</metric>
            <metric name="unit_fan-out_coupling">2</metric>
            <metric name="unit_fan-in_coupling">0</metric>
         </unit>
      </file>
      <file name="src/c23006bpkg.ads">
         <unit name="C23006BPKG" line="2" col="1">
            <metric name="control_fan-out_coupling">0</metric>
            <metric name="control_fan-in_coupling">0</metric>
            <metric name="unit_fan-out_coupling">0</metric>
            <metric name="unit_fan-in_coupling">1</metric>
         </unit>
      </file>
      <file name="src/c23006b_pkg.ads">
         <unit name="C23006B_PKG" line="30" col="1">
            <metric name="unit_fan-out_coupling">0</metric>
            <metric name="unit_fan-in_coupling">1</metric>
         </unit>
      </file>
      <file name="src/c23006c.adb">
         <unit name="C23006C" line="4" col="1">
            <metric name="control_fan-out_coupling">0</metric>
            <metric name="control_fan-in_coupling">0</metric>
            <metric name="unit_fan-out_coupling">4</metric>
            <metric name="unit_fan-in_coupling">0</metric>
         </unit>
      </file>
      <file name="src/c23006cfunc.ads">
         <unit name="C23006CFUNC" line="2" col="1">
            <metric name="control_fan-out_coupling">0</metric>
            <metric name="control_fan-in_coupling">0</metric>
            <metric name="unit_fan-out_coupling">0</metric>
            <metric name="unit_fan-in_coupling">1</metric>
         </unit>
      </file>
      <file name="src/c23006cproc.ads">
         <unit name="C23006CPROC" line="2" col="1">
            <metric name="control_fan-out_coupling">0</metric>
            <metric name="control_fan-in_coupling">0</metric>
            <metric name="unit_fan-out_coupling">0</metric>
            <metric name="unit_fan-in_coupling">1</metric>
         </unit>
      </file>
      <file name="src/c23006c_func.adb">
         <unit name="C23006C_FUNC" line="2" col="1">
            <metric name="control_fan-out_coupling">0</metric>
            <metric name="control_fan-in_coupling">0</metric>
            <metric name="unit_fan-out_coupling">0</metric>
            <metric name="unit_fan-in_coupling">1</metric>
         </unit>
      </file>
      <file name="src/c23006c_proc.adb">
         <unit name="C23006C_PROC" line="30" col="1">
            <metric name="control_fan-out_coupling">0</metric>
            <metric name="control_fan-in_coupling">0</metric>
            <metric name="unit_fan-out_coupling">0</metric>
            <metric name="unit_fan-in_coupling">1</metric>
         </unit>
      </file>
      <file name="src/c23006d.adb">
         <unit name="C23006D" line="5" col="1">
            <metric name="control_fan-out_coupling">0</metric>
            <metric name="control_fan-in_coupling">0</metric>
            <metric name="unit_fan-out_coupling">0</metric>
            <metric name="unit_fan-in_coupling">0</metric>
         </unit>
      </file>
   </coupling>
</global>
